// Jest Snapshot v1, https://goo.gl/fbAQLP

exports[`Create meal screen correctly renders 1`] = `
<View
  onLayout={[Function]}
  style={
    Object {
      "backgroundColor": "#eee",
      "flex": 1,
    }
  }
>
  <View
    style={
      Object {
        "bottom": 0,
      }
    }
  />
</View>
`;
